------------------------------------------------------------
Timing Analyzer Summary
------------------------------------------------------------

Type  : Slow 1200mV 85C Model Setup 'u_PLL|altpll_component|auto_generated|pll1|clk[0]'
Slack : -0.576
TNS   : -2.162

Type  : Slow 1200mV 85C Model Setup 'altera_reserved_tck'
Slack : 45.424
TNS   : 0.000

Type  : Slow 1200mV 85C Model Hold 'altera_reserved_tck'
Slack : 0.360
TNS   : 0.000

Type  : Slow 1200mV 85C Model Hold 'u_PLL|altpll_component|auto_generated|pll1|clk[0]'
Slack : 0.360
TNS   : 0.000

Type  : Slow 1200mV 85C Model Recovery 'u_PLL|altpll_component|auto_generated|pll1|clk[0]'
Slack : 4.252
TNS   : 0.000

Type  : Slow 1200mV 85C Model Recovery 'altera_reserved_tck'
Slack : 96.478
TNS   : 0.000

Type  : Slow 1200mV 85C Model Removal 'altera_reserved_tck'
Slack : 1.523
TNS   : 0.000

Type  : Slow 1200mV 85C Model Removal 'u_PLL|altpll_component|auto_generated|pll1|clk[0]'
Slack : 2.094
TNS   : 0.000

Type  : Slow 1200mV 85C Model Minimum Pulse Width 'u_PLL|altpll_component|auto_generated|pll1|clk[0]'
Slack : 3.417
TNS   : 0.000

Type  : Slow 1200mV 85C Model Minimum Pulse Width 'CK_MCK'
Slack : 10.302
TNS   : 0.000

Type  : Slow 1200mV 85C Model Minimum Pulse Width 'altera_reserved_tck'
Slack : 49.606
TNS   : 0.000

Type  : Slow 1200mV 0C Model Setup 'u_PLL|altpll_component|auto_generated|pll1|clk[0]'
Slack : -0.112
TNS   : -0.169

Type  : Slow 1200mV 0C Model Setup 'altera_reserved_tck'
Slack : 45.593
TNS   : 0.000

Type  : Slow 1200mV 0C Model Hold 'altera_reserved_tck'
Slack : 0.322
TNS   : 0.000

Type  : Slow 1200mV 0C Model Hold 'u_PLL|altpll_component|auto_generated|pll1|clk[0]'
Slack : 0.322
TNS   : 0.000

Type  : Slow 1200mV 0C Model Recovery 'u_PLL|altpll_component|auto_generated|pll1|clk[0]'
Slack : 4.496
TNS   : 0.000

Type  : Slow 1200mV 0C Model Recovery 'altera_reserved_tck'
Slack : 96.722
TNS   : 0.000

Type  : Slow 1200mV 0C Model Removal 'altera_reserved_tck'
Slack : 1.370
TNS   : 0.000

Type  : Slow 1200mV 0C Model Removal 'u_PLL|altpll_component|auto_generated|pll1|clk[0]'
Slack : 1.870
TNS   : 0.000

Type  : Slow 1200mV 0C Model Minimum Pulse Width 'u_PLL|altpll_component|auto_generated|pll1|clk[0]'
Slack : 3.400
TNS   : 0.000

Type  : Slow 1200mV 0C Model Minimum Pulse Width 'CK_MCK'
Slack : 10.305
TNS   : 0.000

Type  : Slow 1200mV 0C Model Minimum Pulse Width 'altera_reserved_tck'
Slack : 49.631
TNS   : 0.000

Type  : Fast 1200mV 0C Model Setup 'u_PLL|altpll_component|auto_generated|pll1|clk[0]'
Slack : 4.353
TNS   : 0.000

Type  : Fast 1200mV 0C Model Setup 'altera_reserved_tck'
Slack : 48.558
TNS   : 0.000

Type  : Fast 1200mV 0C Model Hold 'u_PLL|altpll_component|auto_generated|pll1|clk[0]'
Slack : 0.150
TNS   : 0.000

Type  : Fast 1200mV 0C Model Hold 'altera_reserved_tck'
Slack : 0.151
TNS   : 0.000

Type  : Fast 1200mV 0C Model Recovery 'u_PLL|altpll_component|auto_generated|pll1|clk[0]'
Slack : 5.945
TNS   : 0.000

Type  : Fast 1200mV 0C Model Recovery 'altera_reserved_tck'
Slack : 98.502
TNS   : 0.000

Type  : Fast 1200mV 0C Model Removal 'altera_reserved_tck'
Slack : 0.610
TNS   : 0.000

Type  : Fast 1200mV 0C Model Removal 'u_PLL|altpll_component|auto_generated|pll1|clk[0]'
Slack : 0.935
TNS   : 0.000

Type  : Fast 1200mV 0C Model Minimum Pulse Width 'u_PLL|altpll_component|auto_generated|pll1|clk[0]'
Slack : 3.460
TNS   : 0.000

Type  : Fast 1200mV 0C Model Minimum Pulse Width 'CK_MCK'
Slack : 9.929
TNS   : 0.000

Type  : Fast 1200mV 0C Model Minimum Pulse Width 'altera_reserved_tck'
Slack : 49.282
TNS   : 0.000

------------------------------------------------------------
