------------------------------------------------------------
Timing Analyzer Summary
------------------------------------------------------------

Type  : Slow 1200mV 85C Model Setup 'u_PLL|altpll_component|auto_generated|pll1|clk[0]'
Slack : 2.234
TNS   : 0.000

Type  : Slow 1200mV 85C Model Setup 'altera_reserved_tck'
Slack : 45.213
TNS   : 0.000

Type  : Slow 1200mV 85C Model Hold 'altera_reserved_tck'
Slack : 0.360
TNS   : 0.000

Type  : Slow 1200mV 85C Model Hold 'u_PLL|altpll_component|auto_generated|pll1|clk[0]'
Slack : 0.360
TNS   : 0.000

Type  : Slow 1200mV 85C Model Recovery 'u_PLL|altpll_component|auto_generated|pll1|clk[0]'
Slack : 4.629
TNS   : 0.000

Type  : Slow 1200mV 85C Model Recovery 'altera_reserved_tck'
Slack : 97.053
TNS   : 0.000

Type  : Slow 1200mV 85C Model Removal 'altera_reserved_tck'
Slack : 1.033
TNS   : 0.000

Type  : Slow 1200mV 85C Model Removal 'u_PLL|altpll_component|auto_generated|pll1|clk[0]'
Slack : 1.225
TNS   : 0.000

Type  : Slow 1200mV 85C Model Minimum Pulse Width 'u_PLL|altpll_component|auto_generated|pll1|clk[0]'
Slack : 3.431
TNS   : 0.000

Type  : Slow 1200mV 85C Model Minimum Pulse Width 'CK_MCK'
Slack : 10.302
TNS   : 0.000

Type  : Slow 1200mV 85C Model Minimum Pulse Width 'altera_reserved_tck'
Slack : 49.615
TNS   : 0.000

Type  : Slow 1200mV 0C Model Setup 'u_PLL|altpll_component|auto_generated|pll1|clk[0]'
Slack : 2.447
TNS   : 0.000

Type  : Slow 1200mV 0C Model Setup 'altera_reserved_tck'
Slack : 45.385
TNS   : 0.000

Type  : Slow 1200mV 0C Model Hold 'u_PLL|altpll_component|auto_generated|pll1|clk[0]'
Slack : 0.322
TNS   : 0.000

Type  : Slow 1200mV 0C Model Hold 'altera_reserved_tck'
Slack : 0.323
TNS   : 0.000

Type  : Slow 1200mV 0C Model Recovery 'u_PLL|altpll_component|auto_generated|pll1|clk[0]'
Slack : 4.773
TNS   : 0.000

Type  : Slow 1200mV 0C Model Recovery 'altera_reserved_tck'
Slack : 97.242
TNS   : 0.000

Type  : Slow 1200mV 0C Model Removal 'altera_reserved_tck'
Slack : 0.953
TNS   : 0.000

Type  : Slow 1200mV 0C Model Removal 'u_PLL|altpll_component|auto_generated|pll1|clk[0]'
Slack : 1.092
TNS   : 0.000

Type  : Slow 1200mV 0C Model Minimum Pulse Width 'u_PLL|altpll_component|auto_generated|pll1|clk[0]'
Slack : 3.439
TNS   : 0.000

Type  : Slow 1200mV 0C Model Minimum Pulse Width 'CK_MCK'
Slack : 10.305
TNS   : 0.000

Type  : Slow 1200mV 0C Model Minimum Pulse Width 'altera_reserved_tck'
Slack : 49.632
TNS   : 0.000

Type  : Fast 1200mV 0C Model Setup 'u_PLL|altpll_component|auto_generated|pll1|clk[0]'
Slack : 5.277
TNS   : 0.000

Type  : Fast 1200mV 0C Model Setup 'altera_reserved_tck'
Slack : 48.493
TNS   : 0.000

Type  : Fast 1200mV 0C Model Hold 'altera_reserved_tck'
Slack : 0.151
TNS   : 0.000

Type  : Fast 1200mV 0C Model Hold 'u_PLL|altpll_component|auto_generated|pll1|clk[0]'
Slack : 0.151
TNS   : 0.000

Type  : Fast 1200mV 0C Model Recovery 'u_PLL|altpll_component|auto_generated|pll1|clk[0]'
Slack : 6.141
TNS   : 0.000

Type  : Fast 1200mV 0C Model Recovery 'altera_reserved_tck'
Slack : 98.757
TNS   : 0.000

Type  : Fast 1200mV 0C Model Removal 'altera_reserved_tck'
Slack : 0.425
TNS   : 0.000

Type  : Fast 1200mV 0C Model Removal 'u_PLL|altpll_component|auto_generated|pll1|clk[0]'
Slack : 0.488
TNS   : 0.000

Type  : Fast 1200mV 0C Model Minimum Pulse Width 'u_PLL|altpll_component|auto_generated|pll1|clk[0]'
Slack : 3.487
TNS   : 0.000

Type  : Fast 1200mV 0C Model Minimum Pulse Width 'CK_MCK'
Slack : 9.929
TNS   : 0.000

Type  : Fast 1200mV 0C Model Minimum Pulse Width 'altera_reserved_tck'
Slack : 49.287
TNS   : 0.000

------------------------------------------------------------
