------------------------------------------------------------
Timing Analyzer Summary
------------------------------------------------------------

Type  : Slow 1200mV 85C Model Setup 'u_PLL|altpll_component|auto_generated|pll1|clk[0]'
Slack : 1.430
TNS   : 0.000

Type  : Slow 1200mV 85C Model Setup 'altera_reserved_tck'
Slack : 45.230
TNS   : 0.000

Type  : Slow 1200mV 85C Model Hold 'altera_reserved_tck'
Slack : 0.360
TNS   : 0.000

Type  : Slow 1200mV 85C Model Hold 'u_PLL|altpll_component|auto_generated|pll1|clk[0]'
Slack : 0.360
TNS   : 0.000

Type  : Slow 1200mV 85C Model Recovery 'u_PLL|altpll_component|auto_generated|pll1|clk[0]'
Slack : 4.903
TNS   : 0.000

Type  : Slow 1200mV 85C Model Recovery 'altera_reserved_tck'
Slack : 97.063
TNS   : 0.000

Type  : Slow 1200mV 85C Model Removal 'u_PLL|altpll_component|auto_generated|pll1|clk[0]'
Slack : 1.003
TNS   : 0.000

Type  : Slow 1200mV 85C Model Removal 'altera_reserved_tck'
Slack : 1.423
TNS   : 0.000

Type  : Slow 1200mV 85C Model Minimum Pulse Width 'u_PLL|altpll_component|auto_generated|pll1|clk[0]'
Slack : 3.432
TNS   : 0.000

Type  : Slow 1200mV 85C Model Minimum Pulse Width 'CK_MCK'
Slack : 10.302
TNS   : 0.000

Type  : Slow 1200mV 85C Model Minimum Pulse Width 'altera_reserved_tck'
Slack : 49.615
TNS   : 0.000

Type  : Slow 1200mV 0C Model Setup 'u_PLL|altpll_component|auto_generated|pll1|clk[0]'
Slack : 1.669
TNS   : 0.000

Type  : Slow 1200mV 0C Model Setup 'altera_reserved_tck'
Slack : 45.442
TNS   : 0.000

Type  : Slow 1200mV 0C Model Hold 'altera_reserved_tck'
Slack : 0.322
TNS   : 0.000

Type  : Slow 1200mV 0C Model Hold 'u_PLL|altpll_component|auto_generated|pll1|clk[0]'
Slack : 0.323
TNS   : 0.000

Type  : Slow 1200mV 0C Model Recovery 'u_PLL|altpll_component|auto_generated|pll1|clk[0]'
Slack : 5.038
TNS   : 0.000

Type  : Slow 1200mV 0C Model Recovery 'altera_reserved_tck'
Slack : 97.258
TNS   : 0.000

Type  : Slow 1200mV 0C Model Removal 'u_PLL|altpll_component|auto_generated|pll1|clk[0]'
Slack : 0.920
TNS   : 0.000

Type  : Slow 1200mV 0C Model Removal 'altera_reserved_tck'
Slack : 1.285
TNS   : 0.000

Type  : Slow 1200mV 0C Model Minimum Pulse Width 'u_PLL|altpll_component|auto_generated|pll1|clk[0]'
Slack : 3.437
TNS   : 0.000

Type  : Slow 1200mV 0C Model Minimum Pulse Width 'CK_MCK'
Slack : 10.305
TNS   : 0.000

Type  : Slow 1200mV 0C Model Minimum Pulse Width 'altera_reserved_tck'
Slack : 49.631
TNS   : 0.000

Type  : Fast 1200mV 0C Model Setup 'u_PLL|altpll_component|auto_generated|pll1|clk[0]'
Slack : 5.054
TNS   : 0.000

Type  : Fast 1200mV 0C Model Setup 'altera_reserved_tck'
Slack : 48.519
TNS   : 0.000

Type  : Fast 1200mV 0C Model Hold 'altera_reserved_tck'
Slack : 0.151
TNS   : 0.000

Type  : Fast 1200mV 0C Model Hold 'u_PLL|altpll_component|auto_generated|pll1|clk[0]'
Slack : 0.151
TNS   : 0.000

Type  : Fast 1200mV 0C Model Recovery 'u_PLL|altpll_component|auto_generated|pll1|clk[0]'
Slack : 6.273
TNS   : 0.000

Type  : Fast 1200mV 0C Model Recovery 'altera_reserved_tck'
Slack : 98.768
TNS   : 0.000

Type  : Fast 1200mV 0C Model Removal 'u_PLL|altpll_component|auto_generated|pll1|clk[0]'
Slack : 0.417
TNS   : 0.000

Type  : Fast 1200mV 0C Model Removal 'altera_reserved_tck'
Slack : 0.569
TNS   : 0.000

Type  : Fast 1200mV 0C Model Minimum Pulse Width 'u_PLL|altpll_component|auto_generated|pll1|clk[0]'
Slack : 3.484
TNS   : 0.000

Type  : Fast 1200mV 0C Model Minimum Pulse Width 'CK_MCK'
Slack : 9.929
TNS   : 0.000

Type  : Fast 1200mV 0C Model Minimum Pulse Width 'altera_reserved_tck'
Slack : 49.286
TNS   : 0.000

------------------------------------------------------------
